TASKS	 CELLS	 TIME	 SPEC 	 ABS
1 32 3.399787e-02 9.638251e+05 9.638251e+05
1 32 2.723353e-02 1.203223e+06 1.203223e+06
1 32 3.141874e-02 1.042944e+06 1.042944e+06
1 32 2.689616e-02 1.218315e+06 1.218315e+06
1 32 2.613594e-02 1.253753e+06 1.253753e+06
1 32 2.632388e-02 1.244801e+06 1.244801e+06
1 32 2.580864e-02 1.269652e+06 1.269652e+06
1 32 2.592299e-02 1.264052e+06 1.264052e+06
1 32 2.870515e-02 1.141537e+06 1.141537e+06
1 32 2.653499e-02 1.234898e+06 1.234898e+06
1 32 2.692239e-02 1.217128e+06 1.217128e+06
1 32 2.626315e-02 1.247680e+06 1.247680e+06
1 32 3.012900e-02 1.087590e+06 1.087590e+06
1 32 3.033579e-02 1.080176e+06 1.080176e+06
1 32 2.996801e-02 1.093433e+06 1.093433e+06
1 32 3.026831e-02 1.082585e+06 1.082585e+06
1 32 3.015460e-02 1.086667e+06 1.086667e+06
1 32 3.142134e-02 1.042858e+06 1.042858e+06
1 32 3.083928e-02 1.062541e+06 1.062541e+06
1 32 3.022499e-02 1.084136e+06 1.084136e+06
1 32 3.009681e-02 1.088753e+06 1.088753e+06
1 32 2.923544e-02 1.120831e+06 1.120831e+06
1 32 3.033399e-02 1.080240e+06 1.080240e+06
1 32 3.043656e-02 1.076600e+06 1.076600e+06
1 32 2.947781e-02 1.111616e+06 1.111616e+06
1 32 3.084049e-02 1.062499e+06 1.062499e+06
1 32 2.881175e-02 1.137314e+06 1.137314e+06
1 32 3.154189e-02 1.038872e+06 1.038872e+06
1 32 3.484594e-02 9.403678e+05 9.403678e+05
1 32 3.200054e-02 1.023983e+06 1.023983e+06
1 32 3.453671e-02 9.487875e+05 9.487875e+05
1 32 3.683135e-02 8.896770e+05 8.896770e+05
1 32 2.940569e-02 1.114342e+06 1.114342e+06
1 32 2.962099e-02 1.106242e+06 1.106242e+06
1 32 2.930097e-02 1.118325e+06 1.118325e+06
1 32 3.560018e-02 9.204447e+05 9.204447e+05
1 32 3.027405e-02 1.082379e+06 1.082379e+06
1 32 3.429842e-02 9.553792e+05 9.553792e+05
1 32 3.088530e-02 1.060958e+06 1.060958e+06
1 32 2.959828e-02 1.107091e+06 1.107091e+06
1 32 2.934963e-02 1.116471e+06 1.116471e+06
1 32 3.023275e-02 1.083858e+06 1.083858e+06
1 32 3.005639e-02 1.090217e+06 1.090217e+06
1 32 2.976294e-02 1.100966e+06 1.100966e+06
1 32 3.009462e-02 1.088833e+06 1.088833e+06
1 32 2.962616e-02 1.106049e+06 1.106049e+06
1 32 3.164535e-02 1.035476e+06 1.035476e+06
1 32 3.017417e-02 1.085962e+06 1.085962e+06
1 32 3.031827e-02 1.080800e+06 1.080800e+06
1 32 3.105134e-02 1.055285e+06 1.055285e+06
1 32 3.049765e-02 1.074444e+06 1.074444e+06
1 32 2.964131e-02 1.105484e+06 1.105484e+06
1 32 3.315832e-02 9.882286e+05 9.882286e+05
1 32 2.633121e-02 1.244455e+06 1.244455e+06
1 32 2.597892e-02 1.261331e+06 1.261331e+06
1 32 2.569741e-02 1.275148e+06 1.275148e+06
1 32 2.613975e-02 1.253570e+06 1.253570e+06
1 32 2.581224e-02 1.269475e+06 1.269475e+06
1 32 2.623972e-02 1.248794e+06 1.248794e+06
1 32 2.670782e-02 1.226907e+06 1.226907e+06
1 32 2.592139e-02 1.264130e+06 1.264130e+06
1 32 3.017478e-02 1.085940e+06 1.085940e+06
1 32 2.644514e-02 1.239093e+06 1.239093e+06
1 32 2.623148e-02 1.249186e+06 1.249186e+06
1 32 2.621809e-02 1.249824e+06 1.249824e+06
1 32 3.244782e-02 1.009867e+06 1.009867e+06
1 32 2.692090e-02 1.217196e+06 1.217196e+06
1 32 2.847035e-02 1.150952e+06 1.150952e+06
1 32 2.764066e-02 1.185500e+06 1.185500e+06
1 32 2.739473e-02 1.196143e+06 1.196143e+06
1 32 3.125553e-02 1.048390e+06 1.048390e+06
1 32 3.071320e-02 1.066903e+06 1.066903e+06
1 32 2.732167e-02 1.199341e+06 1.199341e+06
1 32 2.701044e-02 1.213160e+06 1.213160e+06
1 32 3.126416e-02 1.048101e+06 1.048101e+06
1 32 3.338944e-02 9.813881e+05 9.813881e+05
1 32 2.688343e-02 1.218892e+06 1.218892e+06
1 32 2.652400e-02 1.235409e+06 1.235409e+06
1 32 2.665013e-02 1.229562e+06 1.229562e+06
1 32 2.678649e-02 1.223303e+06 1.223303e+06
1 32 2.650213e-02 1.236429e+06 1.236429e+06
1 32 2.679209e-02 1.223048e+06 1.223048e+06
1 32 2.596229e-02 1.262138e+06 1.262138e+06
1 32 2.598728e-02 1.260924e+06 1.260924e+06
1 32 2.585570e-02 1.267341e+06 1.267341e+06
1 32 2.608784e-02 1.256064e+06 1.256064e+06
1 32 2.566158e-02 1.276929e+06 1.276929e+06
1 32 2.586591e-02 1.266841e+06 1.266841e+06
1 32 2.682689e-02 1.221461e+06 1.221461e+06
1 32 2.580031e-02 1.270062e+06 1.270062e+06
1 32 2.588566e-02 1.265874e+06 1.265874e+06
1 32 2.760594e-02 1.186991e+06 1.186991e+06
1 32 2.558301e-02 1.280850e+06 1.280850e+06
1 32 2.569340e-02 1.275347e+06 1.275347e+06
1 32 2.537716e-02 1.291240e+06 1.291240e+06
1 32 2.714232e-02 1.207266e+06 1.207266e+06
1 32 2.685384e-02 1.220235e+06 1.220235e+06
1 32 2.603312e-02 1.258704e+06 1.258704e+06
1 32 2.978006e-02 1.100334e+06 1.100334e+06
1 32 2.599722e-02 1.260442e+06 1.260442e+06
1 32 2.551724e-02 1.284151e+06 1.284151e+06
1 32 2.589101e-02 1.265613e+06 1.265613e+06
1 32 2.815586e-02 1.163807e+06 1.163807e+06
1 32 2.583402e-02 1.268405e+06 1.268405e+06
1 32 2.578018e-02 1.271054e+06 1.271054e+06
1 32 3.204041e-02 1.022708e+06 1.022708e+06
1 32 2.611583e-02 1.254718e+06 1.254718e+06
1 32 2.774275e-02 1.181137e+06 1.181137e+06
1 32 2.711344e-02 1.208552e+06 1.208552e+06
1 32 2.632194e-02 1.244893e+06 1.244893e+06
1 32 2.580633e-02 1.269766e+06 1.269766e+06
1 32 2.569989e-02 1.275025e+06 1.275025e+06
1 32 2.585459e-02 1.267396e+06 1.267396e+06
1 32 2.566220e-02 1.276898e+06 1.276898e+06
1 32 2.546834e-02 1.286617e+06 1.286617e+06
1 32 2.546688e-02 1.286691e+06 1.286691e+06
1 32 2.541951e-02 1.289089e+06 1.289089e+06
1 32 2.557544e-02 1.281229e+06 1.281229e+06
1 32 2.526844e-02 1.296795e+06 1.296795e+06
1 32 2.508861e-02 1.306091e+06 1.306091e+06
1 32 2.521026e-02 1.299788e+06 1.299788e+06
1 32 2.527620e-02 1.296397e+06 1.296397e+06
1 32 2.534065e-02 1.293100e+06 1.293100e+06
1 32 2.523269e-02 1.298633e+06 1.298633e+06
1 32 2.553682e-02 1.283167e+06 1.283167e+06
1 32 2.518121e-02 1.301288e+06 1.301288e+06
1 32 2.485864e-02 1.318173e+06 1.318173e+06
1 32 2.498845e-02 1.311326e+06 1.311326e+06
1 32 2.469974e-02 1.326654e+06 1.326654e+06
1 32 2.505806e-02 1.307683e+06 1.307683e+06
1 32 2.499914e-02 1.310765e+06 1.310765e+06
1 32 2.477999e-02 1.322357e+06 1.322357e+06
1 32 2.466014e-02 1.328784e+06 1.328784e+06
1 32 2.495448e-02 1.313111e+06 1.313111e+06
1 32 2.919542e-02 1.122368e+06 1.122368e+06
1 32 2.648052e-02 1.237438e+06 1.237438e+06
1 32 3.224050e-02 1.016361e+06 1.016361e+06
1 32 2.625537e-02 1.248049e+06 1.248049e+06
1 32 2.621092e-02 1.250166e+06 1.250166e+06
1 32 2.659237e-02 1.232233e+06 1.232233e+06
1 32 2.876673e-02 1.139094e+06 1.139094e+06
1 32 2.810111e-02 1.166075e+06 1.166075e+06
1 32 2.606248e-02 1.257286e+06 1.257286e+06
1 32 2.623682e-02 1.248932e+06 1.248932e+06
1 32 2.596503e-02 1.262005e+06 1.262005e+06
1 32 2.642926e-02 1.239838e+06 1.239838e+06
1 32 3.045148e-02 1.076073e+06 1.076073e+06
1 32 3.056174e-02 1.072190e+06 1.072190e+06
1 32 2.619459e-02 1.250945e+06 1.250945e+06
1 32 2.626760e-02 1.247468e+06 1.247468e+06
1 32 2.636222e-02 1.242991e+06 1.242991e+06
1 32 2.808157e-02 1.166886e+06 1.166886e+06
1 32 2.652191e-02 1.235507e+06 1.235507e+06
1 32 2.656598e-02 1.233457e+06 1.233457e+06
1 32 2.625806e-02 1.247922e+06 1.247922e+06
1 32 2.557102e-02 1.281451e+06 1.281451e+06
1 32 2.628594e-02 1.246598e+06 1.246598e+06
1 32 3.153003e-02 1.039263e+06 1.039263e+06
1 32 2.633046e-02 1.244490e+06 1.244490e+06
1 32 2.644943e-02 1.238893e+06 1.238893e+06
1 32 2.588589e-02 1.265863e+06 1.265863e+06
1 32 2.579948e-02 1.270103e+06 1.270103e+06
1 32 2.811308e-02 1.165579e+06 1.165579e+06
1 32 2.559119e-02 1.280441e+06 1.280441e+06
1 32 3.332632e-02 9.832468e+05 9.832468e+05
1 32 2.601340e-02 1.259658e+06 1.259658e+06
1 32 2.631305e-02 1.245314e+06 1.245314e+06
1 32 2.617871e-02 1.251704e+06 1.251704e+06
1 32 2.670609e-02 1.226986e+06 1.226986e+06
1 32 2.601189e-02 1.259732e+06 1.259732e+06
1 32 2.660802e-02 1.231508e+06 1.231508e+06
1 32 2.730145e-02 1.200229e+06 1.200229e+06
1 32 2.660386e-02 1.231701e+06 1.231701e+06
1 32 2.763570e-02 1.185713e+06 1.185713e+06
1 32 2.694071e-02 1.216300e+06 1.216300e+06
1 32 2.850502e-02 1.149552e+06 1.149552e+06
1 32 2.823096e-02 1.160711e+06 1.160711e+06
1 32 2.861711e-02 1.145049e+06 1.145049e+06
1 32 3.196856e-02 1.025007e+06 1.025007e+06
1 32 3.064221e-02 1.069375e+06 1.069375e+06
1 32 2.963822e-02 1.105599e+06 1.105599e+06
1 32 3.231480e-02 1.014025e+06 1.014025e+06
1 32 3.356517e-02 9.762501e+05 9.762501e+05
1 32 3.080729e-02 1.063644e+06 1.063644e+06
1 32 2.630478e-02 1.245705e+06 1.245705e+06
1 32 2.642711e-02 1.239939e+06 1.239939e+06
1 32 2.621109e-02 1.250158e+06 1.250158e+06
1 32 2.554948e-02 1.282531e+06 1.282531e+06
1 32 2.568521e-02 1.275754e+06 1.275754e+06
1 32 2.564313e-02 1.277847e+06 1.277847e+06
1 32 2.605633e-02 1.257583e+06 1.257583e+06
1 32 2.590762e-02 1.264802e+06 1.264802e+06
1 32 2.564830e-02 1.277590e+06 1.277590e+06
1 32 2.617199e-02 1.252025e+06 1.252025e+06
1 32 2.583599e-02 1.268308e+06 1.268308e+06
1 32 2.564425e-02 1.277792e+06 1.277792e+06
1 32 2.582950e-02 1.268627e+06 1.268627e+06
1 32 2.588284e-02 1.266012e+06 1.266012e+06
1 32 2.551985e-02 1.284020e+06 1.284020e+06
1 32 2.544529e-02 1.287783e+06 1.287783e+06
